Building for debugging...
error: emit-module command failed with exit code 1 (use -v to see invocation)
/Users/envis/projects/time-tracker/macbook-notch-tracker/Sources/MacBookNotchTracker/Features/Notch/NotchPreviewView.swift:188:1: error: extraneous '}' at top level
186 |         .accessibilityLabel(label)
187 |     }
188 | }
    | `- error: extraneous '}' at top level
189 | 
190 | private struct NotchSurfaceBackground: View {
/Users/envis/projects/time-tracker/macbook-notch-tracker/Sources/MacBookNotchTracker/Features/Notch/NotchPreviewView.swift:188:1: error: extraneous '}' at top level
186 |         .accessibilityLabel(label)
187 |     }
188 | }
    | `- error: extraneous '}' at top level
189 | 
190 | private struct NotchSurfaceBackground: View {
/Users/envis/projects/time-tracker/macbook-notch-tracker/Sources/MacBookNotchTracker/Features/Notch/NotchPreviewView.swift:188:1: error: extraneous '}' at top level
186 |         .accessibilityLabel(label)
187 |     }
188 | }
    | `- error: extraneous '}' at top level
189 | 
190 | private struct NotchSurfaceBackground: View {

/Users/envis/projects/time-tracker/macbook-notch-tracker/Sources/MacBookNotchTracker/Features/Notch/NotchPreviewView.swift:44:47: error: cannot find 'isHovering' in scope
 42 |         .background(NotchSurfaceBackground())
 43 |         .clipShape(NotchSurfaceShape(cornerRadius: 8))
 44 |             container.handleNotchSurfaceHover(isHovering)
    |                                               `- error: cannot find 'isHovering' in scope
 45 |         }
 46 |     }

/Users/envis/projects/time-tracker/macbook-notch-tracker/Sources/MacBookNotchTracker/Features/Notch/NotchPreviewView.swift:44:13: error: type '()' cannot conform to 'View' [#ProtocolTypeNonConformance]
 42 |         .background(NotchSurfaceBackground())
 43 |         .clipShape(NotchSurfaceShape(cornerRadius: 8))
 44 |             container.handleNotchSurfaceHover(isHovering)
    |             |- error: type '()' cannot conform to 'View' [#ProtocolTypeNonConformance]
    |             |- note: only concrete types such as structs, enums and classes can conform to protocols
    |             `- note: required by static method 'buildExpression' where 'Content' = '()'
 45 |         }
 46 |     }

/Users/envis/projects/time-tracker/macbook-notch-tracker/Sources/MacBookNotchTracker/Features/Notch/NotchPreviewView.swift:50:35: error: cannot find 'container' in scope
 48 | 
 49 |     private var timerText: String {
 50 |         guard let activeSession = container.sessionEngine.activeSession else {
    |                                   `- error: cannot find 'container' in scope
 51 |             return "00:00:00"
 52 |         }

/Users/envis/projects/time-tracker/macbook-notch-tracker/Sources/MacBookNotchTracker/Features/Notch/NotchPreviewView.swift:59:28: error: cannot find 'actionColumns' in scope
 57 |     @ViewBuilder
 58 |     private var actionRow: some View {
 59 |         LazyVGrid(columns: actionColumns, spacing: DesignTokens.Spacing.xs) {
    |                            `- error: cannot find 'actionColumns' in scope
 60 |             controlButton(
 61 |                 symbol: isPaused ? "play.fill" : "play.fill",

/Users/envis/projects/time-tracker/macbook-notch-tracker/Sources/MacBookNotchTracker/Features/Notch/NotchPreviewView.swift:68:21: error: cannot find 'container' in scope
 66 |             ) {
 67 |                 if isPaused {
 68 |                     container.commandRouter.dispatch(.resumeSession)
    |                     `- error: cannot find 'container' in scope
 69 |                 } else {
 70 |                     container.commandRouter.dispatch(.startSession(taskLabel: "Deep Work"))

/Users/envis/projects/time-tracker/macbook-notch-tracker/Sources/MacBookNotchTracker/Features/Notch/NotchPreviewView.swift:70:21: error: cannot find 'container' in scope
 68 |                     container.commandRouter.dispatch(.resumeSession)
 69 |                 } else {
 70 |                     container.commandRouter.dispatch(.startSession(taskLabel: "Deep Work"))
    |                     `- error: cannot find 'container' in scope
 71 |                 }
 72 |             }

/Users/envis/projects/time-tracker/macbook-notch-tracker/Sources/MacBookNotchTracker/Features/Notch/NotchPreviewView.swift:81:17: error: cannot find 'container' in scope
 79 |                 isDisabled: isIdle
 80 |             ) {
 81 |                 container.commandRouter.dispatch(.stopSession)
    |                 `- error: cannot find 'container' in scope
 82 |             }
 83 | 

/Users/envis/projects/time-tracker/macbook-notch-tracker/Sources/MacBookNotchTracker/Features/Notch/NotchPreviewView.swift:91:17: error: cannot find 'container' in scope
 89 |                 isDisabled: !(isRunning || isExtended)
 90 |             ) {
 91 |                 container.commandRouter.dispatch(.startBreak)
    |                 `- error: cannot find 'container' in scope
 92 |             }
 93 | 

/Users/envis/projects/time-tracker/macbook-notch-tracker/Sources/MacBookNotchTracker/Features/Notch/NotchPreviewView.swift:101:17: error: cannot find 'container' in scope
 99 |                 isDisabled: !isOnBreak
100 |             ) {
101 |                 container.commandRouter.dispatch(.endBreak)
    |                 `- error: cannot find 'container' in scope
102 |             }
103 | 

/Users/envis/projects/time-tracker/macbook-notch-tracker/Sources/MacBookNotchTracker/Features/Notch/NotchPreviewView.swift:111:17: error: cannot find 'container' in scope
109 |                 isDisabled: !isRunning
110 |             ) {
111 |                 container.commandRouter.dispatch(.extendSession)
    |                 `- error: cannot find 'container' in scope
112 |             }
113 | 

/Users/envis/projects/time-tracker/macbook-notch-tracker/Sources/MacBookNotchTracker/Features/Notch/NotchPreviewView.swift:121:17: error: cannot find 'container' in scope
119 |                 isDisabled: false
120 |             ) {
121 |                 container.commandRouter.dispatch(.openDashboard)
    |                 `- error: cannot find 'container' in scope
122 |             }
123 |         }

/Users/envis/projects/time-tracker/macbook-notch-tracker/Sources/MacBookNotchTracker/Features/Notch/NotchPreviewView.swift:68:55: error: cannot infer contextual base in reference to member 'resumeSession'
 66 |             ) {
 67 |                 if isPaused {
 68 |                     container.commandRouter.dispatch(.resumeSession)
    |                                                       `- error: cannot infer contextual base in reference to member 'resumeSession'
 69 |                 } else {
 70 |                     container.commandRouter.dispatch(.startSession(taskLabel: "Deep Work"))

/Users/envis/projects/time-tracker/macbook-notch-tracker/Sources/MacBookNotchTracker/Features/Notch/NotchPreviewView.swift:127:15: error: cannot find 'container' in scope
125 | 
126 |     private var stateChip: some View {
127 |         Label(container.sessionEngine.currentState.title, systemImage: container.sessionEngine.currentState.symbolName)
    |               `- error: cannot find 'container' in scope
128 |             .font(.system(size: 12, weight: .semibold))
129 |             .foregroundStyle(DesignTokens.Colors.textPrimary)

/Users/envis/projects/time-tracker/macbook-notch-tracker/Sources/MacBookNotchTracker/Features/Notch/NotchPreviewView.swift:127:72: error: cannot find 'container' in scope
125 | 
126 |     private var stateChip: some View {
127 |         Label(container.sessionEngine.currentState.title, systemImage: container.sessionEngine.currentState.symbolName)
    |                                                                        `- error: cannot find 'container' in scope
128 |             .font(.system(size: 12, weight: .semibold))
129 |             .foregroundStyle(DesignTokens.Colors.textPrimary)

/Users/envis/projects/time-tracker/macbook-notch-tracker/Sources/MacBookNotchTracker/Features/Notch/NotchPreviewView.swift:141:16: error: cannot find 'container' in scope
139 | 
140 |     private var stateTint: Color {
141 |         switch container.sessionEngine.currentState {
    |                `- error: cannot find 'container' in scope
142 |         case .idle:
143 |             DesignTokens.Colors.textSecondary

/Users/envis/projects/time-tracker/macbook-notch-tracker/Sources/MacBookNotchTracker/Features/Notch/NotchPreviewView.swift:155:32: error: cannot find 'container' in scope
153 |     }
154 | 
155 |     private var isIdle: Bool { container.sessionEngine.currentState == .idle }
    |                                `- error: cannot find 'container' in scope
156 |     private var isRunning: Bool { container.sessionEngine.currentState == .running }
157 |     private var isExtended: Bool { container.sessionEngine.currentState == .extended }

/Users/envis/projects/time-tracker/macbook-notch-tracker/Sources/MacBookNotchTracker/Features/Notch/NotchPreviewView.swift:156:35: error: cannot find 'container' in scope
154 | 
155 |     private var isIdle: Bool { container.sessionEngine.currentState == .idle }
156 |     private var isRunning: Bool { container.sessionEngine.currentState == .running }
    |                                   `- error: cannot find 'container' in scope
157 |     private var isExtended: Bool { container.sessionEngine.currentState == .extended }
158 |     private var isPaused: Bool { container.sessionEngine.currentState == .paused }

/Users/envis/projects/time-tracker/macbook-notch-tracker/Sources/MacBookNotchTracker/Features/Notch/NotchPreviewView.swift:156:76: error: cannot infer contextual base in reference to member 'running'
154 | 
155 |     private var isIdle: Bool { container.sessionEngine.currentState == .idle }
156 |     private var isRunning: Bool { container.sessionEngine.currentState == .running }
    |                                                                            `- error: cannot infer contextual base in reference to member 'running'
157 |     private var isExtended: Bool { container.sessionEngine.currentState == .extended }
158 |     private var isPaused: Bool { container.sessionEngine.currentState == .paused }

/Users/envis/projects/time-tracker/macbook-notch-tracker/Sources/MacBookNotchTracker/Features/Notch/NotchPreviewView.swift:157:36: error: cannot find 'container' in scope
155 |     private var isIdle: Bool { container.sessionEngine.currentState == .idle }
156 |     private var isRunning: Bool { container.sessionEngine.currentState == .running }
157 |     private var isExtended: Bool { container.sessionEngine.currentState == .extended }
    |                                    `- error: cannot find 'container' in scope
158 |     private var isPaused: Bool { container.sessionEngine.currentState == .paused }
159 |     private var isOnBreak: Bool { container.sessionEngine.currentState == .onBreak }

/Users/envis/projects/time-tracker/macbook-notch-tracker/Sources/MacBookNotchTracker/Features/Notch/NotchPreviewView.swift:157:77: error: cannot infer contextual base in reference to member 'extended'
155 |     private var isIdle: Bool { container.sessionEngine.currentState == .idle }
156 |     private var isRunning: Bool { container.sessionEngine.currentState == .running }
157 |     private var isExtended: Bool { container.sessionEngine.currentState == .extended }
    |                                                                             `- error: cannot infer contextual base in reference to member 'extended'
158 |     private var isPaused: Bool { container.sessionEngine.currentState == .paused }
159 |     private var isOnBreak: Bool { container.sessionEngine.currentState == .onBreak }

/Users/envis/projects/time-tracker/macbook-notch-tracker/Sources/MacBookNotchTracker/Features/Notch/NotchPreviewView.swift:158:34: error: cannot find 'container' in scope
156 |     private var isRunning: Bool { container.sessionEngine.currentState == .running }
157 |     private var isExtended: Bool { container.sessionEngine.currentState == .extended }
158 |     private var isPaused: Bool { container.sessionEngine.currentState == .paused }
    |                                  `- error: cannot find 'container' in scope
159 |     private var isOnBreak: Bool { container.sessionEngine.currentState == .onBreak }
160 | 

/Users/envis/projects/time-tracker/macbook-notch-tracker/Sources/MacBookNotchTracker/Features/Notch/NotchPreviewView.swift:158:75: error: cannot infer contextual base in reference to member 'paused'
156 |     private var isRunning: Bool { container.sessionEngine.currentState == .running }
157 |     private var isExtended: Bool { container.sessionEngine.currentState == .extended }
158 |     private var isPaused: Bool { container.sessionEngine.currentState == .paused }
    |                                                                           `- error: cannot infer contextual base in reference to member 'paused'
159 |     private var isOnBreak: Bool { container.sessionEngine.currentState == .onBreak }
160 | 

/Users/envis/projects/time-tracker/macbook-notch-tracker/Sources/MacBookNotchTracker/Features/Notch/NotchPreviewView.swift:159:35: error: cannot find 'container' in scope
157 |     private var isExtended: Bool { container.sessionEngine.currentState == .extended }
158 |     private var isPaused: Bool { container.sessionEngine.currentState == .paused }
159 |     private var isOnBreak: Bool { container.sessionEngine.currentState == .onBreak }
    |                                   `- error: cannot find 'container' in scope
160 | 
161 |     private func controlButton(

/Users/envis/projects/time-tracker/macbook-notch-tracker/Sources/MacBookNotchTracker/Features/Notch/NotchPreviewView.swift:159:76: error: cannot infer contextual base in reference to member 'onBreak'
157 |     private var isExtended: Bool { container.sessionEngine.currentState == .extended }
158 |     private var isPaused: Bool { container.sessionEngine.currentState == .paused }
159 |     private var isOnBreak: Bool { container.sessionEngine.currentState == .onBreak }
    |                                                                            `- error: cannot infer contextual base in reference to member 'onBreak'
160 | 
161 |     private func controlButton(

[#ProtocolTypeNonConformance]: <https://docs.swift.org/compiler/documentation/diagnostics/protocol-type-non-conformance>
/Users/envis/projects/time-tracker/macbook-notch-tracker/Sources/MacBookNotchTracker/Features/Notch/NotchPreviewView.swift:188:1: error: extraneous '}' at top level
186 |         .accessibilityLabel(label)
187 |     }
188 | }
    | `- error: extraneous '}' at top level
189 | 
190 | private struct NotchSurfaceBackground: View {
/Users/envis/projects/time-tracker/macbook-notch-tracker/Sources/MacBookNotchTracker/Features/Notch/NotchPreviewView.swift:188:1: error: extraneous '}' at top level
186 |         .accessibilityLabel(label)
187 |     }
188 | }
    | `- error: extraneous '}' at top level
189 | 
190 | private struct NotchSurfaceBackground: View {
[7/9] Compiling MacBookNotchTracker DesignTokens.swift