Building for debugging...
error: emit-module command failed with exit code 1 (use -v to see invocation)
/Users/envis/projects/time-tracker/macbook-notch-tracker/Sources/MacBookNotchTracker/App/AppContainer.swift:26:49: error: call to main actor-isolated initializer 'init()' in a synchronous nonisolated context [#ActorIsolatedCall]
24 |         notificationService: NotificationServicing = NotificationServiceStub(),
25 |         launchAtLoginController: LaunchAtLoginControlling = LaunchAtLoginControllerStub(),
26 |         overlayController: OverlayControlling = OverlayPreviewController(),
   |                                                 `- error: call to main actor-isolated initializer 'init()' in a synchronous nonisolated context [#ActorIsolatedCall]
27 |         sectionRegistry: DashboardSectionRegistry = .default
28 |     ) {

/Users/envis/projects/time-tracker/macbook-notch-tracker/Sources/MacBookNotchTracker/Platform/Windowing/OverlayPreviewController.swift:5:13: note: calls to initializer 'init()' from outside of its actor context are implicitly asynchronous
  3 | 
  4 | @MainActor
  5 | final class NotchOverlayWindowController: OverlayControlling {
    |             `- note: calls to initializer 'init()' from outside of its actor context are implicitly asynchronous
  6 |     private weak var container: AppContainer?
  7 |     private var overlayPanel: NSPanel?

/Users/envis/projects/time-tracker/macbook-notch-tracker/Sources/MacBookNotchTracker/Platform/Windowing/OverlayPreviewController.swift:5:43: warning: conformance of 'NotchOverlayWindowController' to protocol 'OverlayControlling' crosses into main actor-isolated code and can cause data races; this is an error in the Swift 6 language mode [#ConformanceIsolation]
  3 | 
  4 | @MainActor
  5 | final class NotchOverlayWindowController: OverlayControlling {
    |             |                             |- warning: conformance of 'NotchOverlayWindowController' to protocol 'OverlayControlling' crosses into main actor-isolated code and can cause data races; this is an error in the Swift 6 language mode [#ConformanceIsolation]
    |             |                             |- note: isolate this conformance to the main actor with '@MainActor'
    |             |                             `- note: turn data races into runtime errors with '@preconcurrency'
    |             `- note: mark all declarations used in the conformance 'nonisolated'
  6 |     private weak var container: AppContainer?
  7 |     private var overlayPanel: NSPanel?
    :
 36 |     }
 37 | 
 38 |     func showPreview() {
    |          `- note: main actor-isolated instance method 'showPreview()' cannot satisfy nonisolated requirement
 39 |         isVisible = true
 40 |         repositionWindows()
    :
 42 |     }
 43 | 
 44 |     func hidePreview() {
    |          `- note: main actor-isolated instance method 'hidePreview()' cannot satisfy nonisolated requirement
 45 |         isVisible = false
 46 |         overlayPanel?.orderOut(nil)

[#ActorIsolatedCall]: <https://docs.swift.org/compiler/documentation/diagnostics/actor-isolated-call>
[#ConformanceIsolation]: <https://docs.swift.org/compiler/documentation/diagnostics/conformance-isolation>
/Users/envis/projects/time-tracker/macbook-notch-tracker/Sources/MacBookNotchTracker/Platform/Windowing/OverlayPreviewController.swift:5:43: warning: conformance of 'NotchOverlayWindowController' to protocol 'OverlayControlling' crosses into main actor-isolated code and can cause data races; this is an error in the Swift 6 language mode [#ConformanceIsolation]
  3 | 
  4 | @MainActor
  5 | final class NotchOverlayWindowController: OverlayControlling {
    |             |                             |- warning: conformance of 'NotchOverlayWindowController' to protocol 'OverlayControlling' crosses into main actor-isolated code and can cause data races; this is an error in the Swift 6 language mode [#ConformanceIsolation]
    |             |                             |- note: isolate this conformance to the main actor with '@MainActor'
    |             |                             `- note: turn data races into runtime errors with '@preconcurrency'
    |             `- note: mark all declarations used in the conformance 'nonisolated'
  6 |     private weak var container: AppContainer?
  7 |     private var overlayPanel: NSPanel?
    :
 36 |     }
 37 | 
 38 |     func showPreview() {
    |          `- note: main actor-isolated instance method 'showPreview()' cannot satisfy nonisolated requirement
 39 |         isVisible = true
 40 |         repositionWindows()
    :
 42 |     }
 43 | 
 44 |     func hidePreview() {
    |          `- note: main actor-isolated instance method 'hidePreview()' cannot satisfy nonisolated requirement
 45 |         isVisible = false
 46 |         overlayPanel?.orderOut(nil)

/Users/envis/projects/time-tracker/macbook-notch-tracker/Sources/MacBookNotchTracker/Platform/Windowing/OverlayPreviewController.swift:34:19: warning: call to main actor-isolated instance method 'repositionWindows()' in a synchronous nonisolated context [#ActorIsolatedCall]
 32 |             queue: .main
 33 |         ) { [weak self] _ in
 34 |             self?.repositionWindows()
    |                   `- warning: call to main actor-isolated instance method 'repositionWindows()' in a synchronous nonisolated context [#ActorIsolatedCall]
 35 |         }
 36 |     }
    :
106 |     }
107 | 
108 |     private func repositionWindows() {
    |                  `- note: calls to instance method 'repositionWindows()' from outside of its actor context are implicitly asynchronous
109 |         guard let screen = preferredScreen() else { return }
110 | 

[#ActorIsolatedCall]: <https://docs.swift.org/compiler/documentation/diagnostics/actor-isolated-call>
[#ConformanceIsolation]: <https://docs.swift.org/compiler/documentation/diagnostics/conformance-isolation>
/Users/envis/projects/time-tracker/macbook-notch-tracker/Sources/MacBookNotchTracker/App/AppContainer.swift:26:49: error: call to main actor-isolated initializer 'init()' in a synchronous nonisolated context [#ActorIsolatedCall]
24 |         notificationService: NotificationServicing = NotificationServiceStub(),
25 |         launchAtLoginController: LaunchAtLoginControlling = LaunchAtLoginControllerStub(),
26 |         overlayController: OverlayControlling = OverlayPreviewController(),
   |                                                 `- error: call to main actor-isolated initializer 'init()' in a synchronous nonisolated context [#ActorIsolatedCall]
27 |         sectionRegistry: DashboardSectionRegistry = .default
28 |     ) {

/Users/envis/projects/time-tracker/macbook-notch-tracker/Sources/MacBookNotchTracker/Platform/Windowing/OverlayPreviewController.swift:5:13: note: calls to initializer 'init()' from outside of its actor context are implicitly asynchronous
  3 | 
  4 | @MainActor
  5 | final class NotchOverlayWindowController: OverlayControlling {
    |             `- note: calls to initializer 'init()' from outside of its actor context are implicitly asynchronous
  6 |     private weak var container: AppContainer?
  7 |     private var overlayPanel: NSPanel?

[#ActorIsolatedCall]: <https://docs.swift.org/compiler/documentation/diagnostics/actor-isolated-call>
/Users/envis/projects/time-tracker/macbook-notch-tracker/Sources/MacBookNotchTracker/App/AppContainer.swift:26:49: error: call to main actor-isolated initializer 'init()' in a synchronous nonisolated context [#ActorIsolatedCall]
24 |         notificationService: NotificationServicing = NotificationServiceStub(),
25 |         launchAtLoginController: LaunchAtLoginControlling = LaunchAtLoginControllerStub(),
26 |         overlayController: OverlayControlling = OverlayPreviewController(),
   |                                                 `- error: call to main actor-isolated initializer 'init()' in a synchronous nonisolated context [#ActorIsolatedCall]
27 |         sectionRegistry: DashboardSectionRegistry = .default
28 |     ) {

/Users/envis/projects/time-tracker/macbook-notch-tracker/Sources/MacBookNotchTracker/Platform/Windowing/OverlayPreviewController.swift:5:13: note: calls to initializer 'init()' from outside of its actor context are implicitly asynchronous
  3 | 
  4 | @MainActor
  5 | final class NotchOverlayWindowController: OverlayControlling {
    |             `- note: calls to initializer 'init()' from outside of its actor context are implicitly asynchronous
  6 |     private weak var container: AppContainer?
  7 |     private var overlayPanel: NSPanel?

[#ActorIsolatedCall]: <https://docs.swift.org/compiler/documentation/diagnostics/actor-isolated-call>
[6/9] Compiling MacBookNotchTracker MacBookNotchTrackerApp.swift